error: use of deprecated function `deprecated_with`
 --> tests/ui/deprecated/deprecated_de_with.rs:8:32
  |
8 |     #[serde(deserialize_with = "deprecated_with")]
  |                                ^^^^^^^^^^^^^^^^^
  |
note: the lint level is defined here
 --> tests/ui/deprecated/deprecated_de_with.rs:1:9
  |
1 | #![deny(deprecated)]
  |         ^^^^^^^^^^
